[luukthe.dev/index.html]
[backblue.gif]
[fade.gif]
[index.html]
[luukthe.dev/images/favicon/apple-touch-icon.png]
[luukthe.dev/images/favicon/favicon-16x16.png]
[luukthe.dev/images/favicon/favicon-32x32.png]
[luukthe.dev/images/favicon/android-chrome-192x192.png]
[luukthe.dev/images/favicon/favicon.ico]
[luukthe.dev/about.html]
[luukthe.dev/work.html]
[luukthe.dev/contact.html]
[luukthe.dev/work/airborne.html]
[luukthe.dev/c/420x0/work-airborne.webp]
[luukthe.dev/work/wateetons.html]
[luukthe.dev/c/420x0/work-wateetons.webp]
[luukthe.dev/work/mwsolutions.html]
[luukthe.dev/c/420x0/work-mwsolutions.webp]
[luukthe.dev/docs.html]
[luukthe.dev/js/maine53b.js]
[luukthe.dev/index.html]
[luukthe.dev/css/vendor82da.css]
[luukthe.dev/fonts/Altinn-DINExp5394.woff2]
[luukthe.dev/fonts/Altinn-DINExp35af.otf]
[luukthe.dev/fonts/Altinn-DINExp0dd8.woff]
[luukthe.dev/fonts/Altinn-DINExp-Bold83de.woff2]
[luukthe.dev/fonts/Altinn-DINExp-Boldfdbd.otf]
[luukthe.dev/fonts/Altinn-DINExp-Bold593a.woff]
[luukthe.dev/css/awesomestylesbf7d.css]
[luukthe.dev/images/favicon/site.html]
[luukthe.dev/c/420x0/about-luuk.webp]
[luukthe.dev/c/0x850/like-nature.webp]
[luukthe.dev/c/0x850/like-swim.webp]
[luukthe.dev/c/0x850/like-antigua.webp]
[luukthe.dev/c/420x0/like-nature.webp]
[luukthe.dev/c/420x0/like-swim.webp]
[luukthe.dev/c/420x0/like-antigua.webp]
[luukthe.dev/about.html]
[luukthe.dev/work.html]
[luukthe.dev/contact.html]
[luukthe.dev/c/0x500/works/airbornedetail-3.webp]
[luukthe.dev/c/0x500/works/airbornedetail-2.webp]
[luukthe.dev/c/0x500/works/airbornedetail-1.webp]
[luukthe.dev/work/airborne.html]
[luukthe.dev/c/420x0/works/wateetonsdetail.webp]
[luukthe.dev/c/420x0/works/wateetons6.webp]
[luukthe.dev/c/420x0/works/wateetons2.webp]
[luukthe.dev/c/0x720/works/wateetons4.webp]
[luukthe.dev/c/0x720/works/wateetons1.webp]
[luukthe.dev/work/wateetons.html]
[luukthe.dev/c/0x720/works/wateetons7.webp]
[luukthe.dev/c/1200x0/works/mw.webp]
[luukthe.dev/c/0x850/works/mwdetail.webp]
[luukthe.dev/c/0x850/works/mwdetail2.webp]
[luukthe.dev/work/mwsolutions.html]
[luukthe.dev/docs/barba-with-gsap-reset-scrollsmoother.html]
[luukthe.dev/docs/barba-with-gsap-using-flip.html]
[luukthe.dev/docs.html]
[luukthe.dev/images/works/airbornelogo.svg]
[luukthe.dev/docs/darkmode-done-right.html]
[luukthe.dev/images/docs/barbacontainers.png]
[luukthe.dev/docs/barba-with-gsap-reset-scrollsmoother.html]
[luukthe.dev/images/docs/barba_gsap_html.png]
[luukthe.dev/images/docs/barba_flip_containers.png]
[luukthe.dev/docs/barba-with-gsap-using-flip.html]
[luukthe.dev/docs/darkmode-done-right.html]
